// Jest Snapshot v1, https://goo.gl/fbAQLP

exports[`test.js - flow-verify 1`] = `
====================================options=====================================
parsers: ["flow"]
printWidth: 80
                                                                                | printWidth
=====================================input======================================
/**                                                                             |
 * @flow                                                                        |
 */                                                                             |
                                                                                |
import { Foo, type Baz } from "../module";                                      |
import type {} from 'foo';                                                      |
                                                                                |
import type {somethingSuperLongsomethingSuperLong} from 'somethingSuperLongsomet|hingSuperLongsomethingSuperLong'
import type {a, somethingSuperLongsomethingSuperLong} from 'somethingSuperLongso|methingSuperLongsomethingSuperLong'
                                                                                |
import transformRouterContext, { type TransformedContextRouter } from '../../hel|pers/transformRouterContext';
                                                                                |
=====================================output=====================================
/**                                                                             |
 * @flow                                                                        |
 */                                                                             |
                                                                                |
import { Foo, type Baz } from "../module";                                      |
import type {} from "foo";                                                      |
                                                                                |
import type { somethingSuperLongsomethingSuperLong } from "somethingSuperLongsom|ethingSuperLongsomethingSuperLong";
import type {                                                                   |
  a,                                                                            |
  somethingSuperLongsomethingSuperLong                                          |
} from "somethingSuperLongsomethingSuperLongsomethingSuperLong";                |
                                                                                |
import transformRouterContext, {                                                |
  type TransformedContextRouter                                                 |
} from "../../helpers/transformRouterContext";                                  |
                                                                                |
================================================================================
`;
